Analysis & Synthesis report for modulik
Tue May  5 22:59:50 2020
Quartus Prime Version 19.1.0 Build 670 09/22/2019 SJ Lite Edition


---------------------
; Table of Contents ;
---------------------
  1. Legal Notice
  2. Analysis & Synthesis Summary
  3. Analysis & Synthesis Settings
  4. Parallel Compilation
  5. Analysis & Synthesis Source Files Read
  6. Analysis & Synthesis Resource Usage Summary
  7. Analysis & Synthesis Resource Utilization by Entity
  8. General Register Statistics
  9. Multiplexer Restructuring Statistics (Restructuring Performed)
 10. Port Connectivity Checks: "singleTEA:tea32"
 11. Port Connectivity Checks: "singleTEA:tea31"
 12. Port Connectivity Checks: "singleTEA:tea30"
 13. Port Connectivity Checks: "singleTEA:tea29"
 14. Port Connectivity Checks: "singleTEA:tea28"
 15. Port Connectivity Checks: "singleTEA:tea27"
 16. Port Connectivity Checks: "singleTEA:tea26"
 17. Port Connectivity Checks: "singleTEA:tea25"
 18. Port Connectivity Checks: "singleTEA:tea24"
 19. Port Connectivity Checks: "singleTEA:tea23"
 20. Port Connectivity Checks: "singleTEA:tea22"
 21. Port Connectivity Checks: "singleTEA:tea21"
 22. Port Connectivity Checks: "singleTEA:tea20"
 23. Port Connectivity Checks: "singleTEA:tea19"
 24. Port Connectivity Checks: "singleTEA:tea18"
 25. Port Connectivity Checks: "singleTEA:tea17"
 26. Port Connectivity Checks: "singleTEA:tea16"
 27. Port Connectivity Checks: "singleTEA:tea15"
 28. Port Connectivity Checks: "singleTEA:tea14"
 29. Port Connectivity Checks: "singleTEA:tea13"
 30. Port Connectivity Checks: "singleTEA:tea12"
 31. Port Connectivity Checks: "singleTEA:tea11"
 32. Port Connectivity Checks: "singleTEA:tea10"
 33. Port Connectivity Checks: "singleTEA:tea9"
 34. Port Connectivity Checks: "singleTEA:tea8"
 35. Port Connectivity Checks: "singleTEA:tea7"
 36. Port Connectivity Checks: "singleTEA:tea6"
 37. Port Connectivity Checks: "singleTEA:tea5"
 38. Port Connectivity Checks: "singleTEA:tea4"
 39. Port Connectivity Checks: "singleTEA:tea3"
 40. Port Connectivity Checks: "singleTEA:tea2"
 41. Port Connectivity Checks: "singleTEA:tea1"
 42. Post-Synthesis Netlist Statistics for Top Partition
 43. Elapsed Time Per Partition
 44. Analysis & Synthesis Messages
 45. Analysis & Synthesis Suppressed Messages



----------------
; Legal Notice ;
----------------
Copyright (C) 2019  Intel Corporation. All rights reserved.
Your use of Intel Corporation's design tools, logic functions 
and other software and tools, and any partner logic 
functions, and any output files from any of the foregoing 
(including device programming or simulation files), and any 
associated documentation or information are expressly subject 
to the terms and conditions of the Intel Program License 
Subscription Agreement, the Intel Quartus Prime License Agreement,
the Intel FPGA IP License Agreement, or other applicable license
agreement, including, without limitation, that your use is for
the sole purpose of programming logic devices manufactured by
Intel and sold by Intel or its authorized distributors.  Please
refer to the applicable agreement for further details, at
https://fpgasoftware.intel.com/eula.



+----------------------------------------------------------------------------------+
; Analysis & Synthesis Summary                                                     ;
+------------------------------------+---------------------------------------------+
; Analysis & Synthesis Status        ; Successful - Tue May  5 22:59:50 2020       ;
; Quartus Prime Version              ; 19.1.0 Build 670 09/22/2019 SJ Lite Edition ;
; Revision Name                      ; modulik                                     ;
; Top-level Entity Name              ; modulik                                     ;
; Family                             ; Cyclone IV E                                ;
; Total logic elements               ; 24,708                                      ;
;     Total combinational functions  ; 24,708                                      ;
;     Dedicated logic registers      ; 0                                           ;
; Total registers                    ; 0                                           ;
; Total pins                         ; 260                                         ;
; Total virtual pins                 ; 0                                           ;
; Total memory bits                  ; 0                                           ;
; Embedded Multiplier 9-bit elements ; 0                                           ;
; Total PLLs                         ; 0                                           ;
+------------------------------------+---------------------------------------------+


+------------------------------------------------------------------------------------------------------------+
; Analysis & Synthesis Settings                                                                              ;
+------------------------------------------------------------------+--------------------+--------------------+
; Option                                                           ; Setting            ; Default Value      ;
+------------------------------------------------------------------+--------------------+--------------------+
; Device                                                           ; EP4CE115F29C7      ;                    ;
; Top-level entity name                                            ; modulik            ; modulik            ;
; Family name                                                      ; Cyclone IV E       ; Cyclone V          ;
; Use smart compilation                                            ; Off                ; Off                ;
; Enable parallel Assembler and Timing Analyzer during compilation ; On                 ; On                 ;
; Enable compact report table                                      ; Off                ; Off                ;
; Restructure Multiplexers                                         ; Auto               ; Auto               ;
; Create Debugging Nodes for IP Cores                              ; Off                ; Off                ;
; Preserve fewer node names                                        ; On                 ; On                 ;
; Intel FPGA IP Evaluation Mode                                    ; Enable             ; Enable             ;
; Verilog Version                                                  ; Verilog_2001       ; Verilog_2001       ;
; VHDL Version                                                     ; VHDL_1993          ; VHDL_1993          ;
; State Machine Processing                                         ; Auto               ; Auto               ;
; Safe State Machine                                               ; Off                ; Off                ;
; Extract Verilog State Machines                                   ; On                 ; On                 ;
; Extract VHDL State Machines                                      ; On                 ; On                 ;
; Ignore Verilog initial constructs                                ; Off                ; Off                ;
; Iteration limit for constant Verilog loops                       ; 5000               ; 5000               ;
; Iteration limit for non-constant Verilog loops                   ; 250                ; 250                ;
; Add Pass-Through Logic to Inferred RAMs                          ; On                 ; On                 ;
; Infer RAMs from Raw Logic                                        ; On                 ; On                 ;
; Parallel Synthesis                                               ; On                 ; On                 ;
; DSP Block Balancing                                              ; Auto               ; Auto               ;
; NOT Gate Push-Back                                               ; On                 ; On                 ;
; Power-Up Don't Care                                              ; On                 ; On                 ;
; Remove Redundant Logic Cells                                     ; Off                ; Off                ;
; Remove Duplicate Registers                                       ; On                 ; On                 ;
; Ignore CARRY Buffers                                             ; Off                ; Off                ;
; Ignore CASCADE Buffers                                           ; Off                ; Off                ;
; Ignore GLOBAL Buffers                                            ; Off                ; Off                ;
; Ignore ROW GLOBAL Buffers                                        ; Off                ; Off                ;
; Ignore LCELL Buffers                                             ; Off                ; Off                ;
; Ignore SOFT Buffers                                              ; On                 ; On                 ;
; Limit AHDL Integers to 32 Bits                                   ; Off                ; Off                ;
; Optimization Technique                                           ; Balanced           ; Balanced           ;
; Carry Chain Length                                               ; 70                 ; 70                 ;
; Auto Carry Chains                                                ; On                 ; On                 ;
; Auto Open-Drain Pins                                             ; On                 ; On                 ;
; Perform WYSIWYG Primitive Resynthesis                            ; Off                ; Off                ;
; Auto ROM Replacement                                             ; On                 ; On                 ;
; Auto RAM Replacement                                             ; On                 ; On                 ;
; Auto DSP Block Replacement                                       ; On                 ; On                 ;
; Auto Shift Register Replacement                                  ; Auto               ; Auto               ;
; Allow Shift Register Merging across Hierarchies                  ; Auto               ; Auto               ;
; Auto Clock Enable Replacement                                    ; On                 ; On                 ;
; Strict RAM Replacement                                           ; Off                ; Off                ;
; Allow Synchronous Control Signals                                ; On                 ; On                 ;
; Force Use of Synchronous Clear Signals                           ; Off                ; Off                ;
; Auto RAM Block Balancing                                         ; On                 ; On                 ;
; Auto RAM to Logic Cell Conversion                                ; Off                ; Off                ;
; Auto Resource Sharing                                            ; Off                ; Off                ;
; Allow Any RAM Size For Recognition                               ; Off                ; Off                ;
; Allow Any ROM Size For Recognition                               ; Off                ; Off                ;
; Allow Any Shift Register Size For Recognition                    ; Off                ; Off                ;
; Use LogicLock Constraints during Resource Balancing              ; On                 ; On                 ;
; Ignore translate_off and synthesis_off directives                ; Off                ; Off                ;
; Timing-Driven Synthesis                                          ; On                 ; On                 ;
; Report Parameter Settings                                        ; On                 ; On                 ;
; Report Source Assignments                                        ; On                 ; On                 ;
; Report Connectivity Checks                                       ; On                 ; On                 ;
; Ignore Maximum Fan-Out Assignments                               ; Off                ; Off                ;
; Synchronization Register Chain Length                            ; 2                  ; 2                  ;
; Power Optimization During Synthesis                              ; Normal compilation ; Normal compilation ;
; HDL message level                                                ; Level2             ; Level2             ;
; Suppress Register Optimization Related Messages                  ; Off                ; Off                ;
; Number of Removed Registers Reported in Synthesis Report         ; 5000               ; 5000               ;
; Number of Swept Nodes Reported in Synthesis Report               ; 5000               ; 5000               ;
; Number of Inverted Registers Reported in Synthesis Report        ; 100                ; 100                ;
; Clock MUX Protection                                             ; On                 ; On                 ;
; Auto Gated Clock Conversion                                      ; Off                ; Off                ;
; Block Design Naming                                              ; Auto               ; Auto               ;
; SDC constraint protection                                        ; Off                ; Off                ;
; Synthesis Effort                                                 ; Auto               ; Auto               ;
; Shift Register Replacement - Allow Asynchronous Clear Signal     ; On                 ; On                 ;
; Pre-Mapping Resynthesis Optimization                             ; Off                ; Off                ;
; Analysis & Synthesis Message Level                               ; Medium             ; Medium             ;
; Disable Register Merging Across Hierarchies                      ; Auto               ; Auto               ;
; Resource Aware Inference For Block RAM                           ; On                 ; On                 ;
+------------------------------------------------------------------+--------------------+--------------------+


+------------------------------------------+
; Parallel Compilation                     ;
+----------------------------+-------------+
; Processors                 ; Number      ;
+----------------------------+-------------+
; Number detected on machine ; 4           ;
; Maximum allowed            ; 2           ;
;                            ;             ;
; Average used               ; 1.00        ;
; Maximum used               ; 2           ;
;                            ;             ;
; Usage by Processor         ; % Time Used ;
;     Processor 1            ; 100.0%      ;
;     Processor 2            ;   0.0%      ;
+----------------------------+-------------+


+---------------------------------------------------------------------------------------------------------------------------------------------------------+
; Analysis & Synthesis Source Files Read                                                                                                                  ;
+----------------------------------+-----------------+------------------------+-----------------------------------------------------------------+---------+
; File Name with User-Entered Path ; Used in Netlist ; File Type              ; File Name with Absolute Path                                    ; Library ;
+----------------------------------+-----------------+------------------------+-----------------------------------------------------------------+---------+
; functionF.v                      ; yes             ; User Verilog HDL File  ; /home/santa/Documents/pw/2020L/sycy/testin/acceltry/functionF.v ;         ;
; singleTEA.v                      ; yes             ; User Verilog HDL File  ; /home/santa/Documents/pw/2020L/sycy/testin/acceltry/singleTEA.v ;         ;
; modulik.v                        ; yes             ; User Verilog HDL File  ; /home/santa/Documents/pw/2020L/sycy/testin/acceltry/modulik.v   ;         ;
+----------------------------------+-----------------+------------------------+-----------------------------------------------------------------+---------+


+-------------------------------------------------------------+
; Analysis & Synthesis Resource Usage Summary                 ;
+---------------------------------------------+---------------+
; Resource                                    ; Usage         ;
+---------------------------------------------+---------------+
; Estimated Total logic elements              ; 24,708        ;
;                                             ;               ;
; Total combinational functions               ; 24708         ;
; Logic element usage by number of LUT inputs ;               ;
;     -- 4 input functions                    ; 14194         ;
;     -- 3 input functions                    ; 8421          ;
;     -- <=2 input functions                  ; 2093          ;
;                                             ;               ;
; Logic elements by mode                      ;               ;
;     -- normal mode                          ; 20560         ;
;     -- arithmetic mode                      ; 4148          ;
;                                             ;               ;
; Total registers                             ; 0             ;
;     -- Dedicated logic registers            ; 0             ;
;     -- I/O registers                        ; 0             ;
;                                             ;               ;
; I/O pins                                    ; 260           ;
;                                             ;               ;
; Embedded Multiplier 9-bit elements          ; 0             ;
;                                             ;               ;
; Maximum fan-out node                        ; encrypt~input ;
; Maximum fan-out                             ; 2968          ;
; Total fan-out                               ; 86493         ;
; Average fan-out                             ; 3.43          ;
+---------------------------------------------+---------------+


+----------------------------------------------------------------------------------------------------------------------------------------------------------------------------------------------------------------------------+
; Analysis & Synthesis Resource Utilization by Entity                                                                                                                                                                        ;
+----------------------------+---------------------+---------------------------+-------------+--------------+---------+-----------+------+--------------+---------------------------------------+-------------+--------------+
; Compilation Hierarchy Node ; Combinational ALUTs ; Dedicated Logic Registers ; Memory Bits ; DSP Elements ; DSP 9x9 ; DSP 18x18 ; Pins ; Virtual Pins ; Full Hierarchy Name                   ; Entity Name ; Library Name ;
+----------------------------+---------------------+---------------------------+-------------+--------------+---------+-----------+------+--------------+---------------------------------------+-------------+--------------+
; |modulik                   ; 24708 (0)           ; 0 (0)                     ; 0           ; 0            ; 0       ; 0         ; 260  ; 0            ; |modulik                              ; modulik     ; work         ;
;    |singleTEA:tea10|       ; 765 (183)           ; 0 (0)                     ; 0           ; 0            ; 0       ; 0         ; 0    ; 0            ; |modulik|singleTEA:tea10              ; singleTEA   ; work         ;
;       |functionF:f1|       ; 289 (289)           ; 0 (0)                     ; 0           ; 0            ; 0       ; 0         ; 0    ; 0            ; |modulik|singleTEA:tea10|functionF:f1 ; functionF   ; work         ;
;       |functionF:f2|       ; 293 (293)           ; 0 (0)                     ; 0           ; 0            ; 0       ; 0         ; 0    ; 0            ; |modulik|singleTEA:tea10|functionF:f2 ; functionF   ; work         ;
;    |singleTEA:tea11|       ; 765 (182)           ; 0 (0)                     ; 0           ; 0            ; 0       ; 0         ; 0    ; 0            ; |modulik|singleTEA:tea11              ; singleTEA   ; work         ;
;       |functionF:f1|       ; 290 (290)           ; 0 (0)                     ; 0           ; 0            ; 0       ; 0         ; 0    ; 0            ; |modulik|singleTEA:tea11|functionF:f1 ; functionF   ; work         ;
;       |functionF:f2|       ; 293 (293)           ; 0 (0)                     ; 0           ; 0            ; 0       ; 0         ; 0    ; 0            ; |modulik|singleTEA:tea11|functionF:f2 ; functionF   ; work         ;
;    |singleTEA:tea12|       ; 766 (188)           ; 0 (0)                     ; 0           ; 0            ; 0       ; 0         ; 0    ; 0            ; |modulik|singleTEA:tea12              ; singleTEA   ; work         ;
;       |functionF:f1|       ; 291 (291)           ; 0 (0)                     ; 0           ; 0            ; 0       ; 0         ; 0    ; 0            ; |modulik|singleTEA:tea12|functionF:f1 ; functionF   ; work         ;
;       |functionF:f2|       ; 287 (287)           ; 0 (0)                     ; 0           ; 0            ; 0       ; 0         ; 0    ; 0            ; |modulik|singleTEA:tea12|functionF:f2 ; functionF   ; work         ;
;    |singleTEA:tea13|       ; 766 (185)           ; 0 (0)                     ; 0           ; 0            ; 0       ; 0         ; 0    ; 0            ; |modulik|singleTEA:tea13              ; singleTEA   ; work         ;
;       |functionF:f1|       ; 291 (291)           ; 0 (0)                     ; 0           ; 0            ; 0       ; 0         ; 0    ; 0            ; |modulik|singleTEA:tea13|functionF:f1 ; functionF   ; work         ;
;       |functionF:f2|       ; 290 (290)           ; 0 (0)                     ; 0           ; 0            ; 0       ; 0         ; 0    ; 0            ; |modulik|singleTEA:tea13|functionF:f2 ; functionF   ; work         ;
;    |singleTEA:tea14|       ; 758 (185)           ; 0 (0)                     ; 0           ; 0            ; 0       ; 0         ; 0    ; 0            ; |modulik|singleTEA:tea14              ; singleTEA   ; work         ;
;       |functionF:f1|       ; 290 (290)           ; 0 (0)                     ; 0           ; 0            ; 0       ; 0         ; 0    ; 0            ; |modulik|singleTEA:tea14|functionF:f1 ; functionF   ; work         ;
;       |functionF:f2|       ; 283 (283)           ; 0 (0)                     ; 0           ; 0            ; 0       ; 0         ; 0    ; 0            ; |modulik|singleTEA:tea14|functionF:f2 ; functionF   ; work         ;
;    |singleTEA:tea15|       ; 764 (184)           ; 0 (0)                     ; 0           ; 0            ; 0       ; 0         ; 0    ; 0            ; |modulik|singleTEA:tea15              ; singleTEA   ; work         ;
;       |functionF:f1|       ; 287 (287)           ; 0 (0)                     ; 0           ; 0            ; 0       ; 0         ; 0    ; 0            ; |modulik|singleTEA:tea15|functionF:f1 ; functionF   ; work         ;
;       |functionF:f2|       ; 293 (293)           ; 0 (0)                     ; 0           ; 0            ; 0       ; 0         ; 0    ; 0            ; |modulik|singleTEA:tea15|functionF:f2 ; functionF   ; work         ;
;    |singleTEA:tea16|       ; 766 (185)           ; 0 (0)                     ; 0           ; 0            ; 0       ; 0         ; 0    ; 0            ; |modulik|singleTEA:tea16              ; singleTEA   ; work         ;
;       |functionF:f1|       ; 290 (290)           ; 0 (0)                     ; 0           ; 0            ; 0       ; 0         ; 0    ; 0            ; |modulik|singleTEA:tea16|functionF:f1 ; functionF   ; work         ;
;       |functionF:f2|       ; 291 (291)           ; 0 (0)                     ; 0           ; 0            ; 0       ; 0         ; 0    ; 0            ; |modulik|singleTEA:tea16|functionF:f2 ; functionF   ; work         ;
;    |singleTEA:tea17|       ; 769 (183)           ; 0 (0)                     ; 0           ; 0            ; 0       ; 0         ; 0    ; 0            ; |modulik|singleTEA:tea17              ; singleTEA   ; work         ;
;       |functionF:f1|       ; 295 (295)           ; 0 (0)                     ; 0           ; 0            ; 0       ; 0         ; 0    ; 0            ; |modulik|singleTEA:tea17|functionF:f1 ; functionF   ; work         ;
;       |functionF:f2|       ; 291 (291)           ; 0 (0)                     ; 0           ; 0            ; 0       ; 0         ; 0    ; 0            ; |modulik|singleTEA:tea17|functionF:f2 ; functionF   ; work         ;
;    |singleTEA:tea18|       ; 756 (184)           ; 0 (0)                     ; 0           ; 0            ; 0       ; 0         ; 0    ; 0            ; |modulik|singleTEA:tea18              ; singleTEA   ; work         ;
;       |functionF:f1|       ; 288 (288)           ; 0 (0)                     ; 0           ; 0            ; 0       ; 0         ; 0    ; 0            ; |modulik|singleTEA:tea18|functionF:f1 ; functionF   ; work         ;
;       |functionF:f2|       ; 284 (284)           ; 0 (0)                     ; 0           ; 0            ; 0       ; 0         ; 0    ; 0            ; |modulik|singleTEA:tea18|functionF:f2 ; functionF   ; work         ;
;    |singleTEA:tea19|       ; 765 (185)           ; 0 (0)                     ; 0           ; 0            ; 0       ; 0         ; 0    ; 0            ; |modulik|singleTEA:tea19              ; singleTEA   ; work         ;
;       |functionF:f1|       ; 287 (287)           ; 0 (0)                     ; 0           ; 0            ; 0       ; 0         ; 0    ; 0            ; |modulik|singleTEA:tea19|functionF:f1 ; functionF   ; work         ;
;       |functionF:f2|       ; 293 (293)           ; 0 (0)                     ; 0           ; 0            ; 0       ; 0         ; 0    ; 0            ; |modulik|singleTEA:tea19|functionF:f2 ; functionF   ; work         ;
;    |singleTEA:tea1|        ; 941 (177)           ; 0 (0)                     ; 0           ; 0            ; 0       ; 0         ; 0    ; 0            ; |modulik|singleTEA:tea1               ; singleTEA   ; work         ;
;       |functionF:f1|       ; 377 (377)           ; 0 (0)                     ; 0           ; 0            ; 0       ; 0         ; 0    ; 0            ; |modulik|singleTEA:tea1|functionF:f1  ; functionF   ; work         ;
;       |functionF:f2|       ; 387 (387)           ; 0 (0)                     ; 0           ; 0            ; 0       ; 0         ; 0    ; 0            ; |modulik|singleTEA:tea1|functionF:f2  ; functionF   ; work         ;
;    |singleTEA:tea20|       ; 770 (185)           ; 0 (0)                     ; 0           ; 0            ; 0       ; 0         ; 0    ; 0            ; |modulik|singleTEA:tea20              ; singleTEA   ; work         ;
;       |functionF:f1|       ; 291 (291)           ; 0 (0)                     ; 0           ; 0            ; 0       ; 0         ; 0    ; 0            ; |modulik|singleTEA:tea20|functionF:f1 ; functionF   ; work         ;
;       |functionF:f2|       ; 294 (294)           ; 0 (0)                     ; 0           ; 0            ; 0       ; 0         ; 0    ; 0            ; |modulik|singleTEA:tea20|functionF:f2 ; functionF   ; work         ;
;    |singleTEA:tea21|       ; 761 (185)           ; 0 (0)                     ; 0           ; 0            ; 0       ; 0         ; 0    ; 0            ; |modulik|singleTEA:tea21              ; singleTEA   ; work         ;
;       |functionF:f1|       ; 293 (293)           ; 0 (0)                     ; 0           ; 0            ; 0       ; 0         ; 0    ; 0            ; |modulik|singleTEA:tea21|functionF:f1 ; functionF   ; work         ;
;       |functionF:f2|       ; 283 (283)           ; 0 (0)                     ; 0           ; 0            ; 0       ; 0         ; 0    ; 0            ; |modulik|singleTEA:tea21|functionF:f2 ; functionF   ; work         ;
;    |singleTEA:tea22|       ; 764 (185)           ; 0 (0)                     ; 0           ; 0            ; 0       ; 0         ; 0    ; 0            ; |modulik|singleTEA:tea22              ; singleTEA   ; work         ;
;       |functionF:f1|       ; 290 (290)           ; 0 (0)                     ; 0           ; 0            ; 0       ; 0         ; 0    ; 0            ; |modulik|singleTEA:tea22|functionF:f1 ; functionF   ; work         ;
;       |functionF:f2|       ; 289 (289)           ; 0 (0)                     ; 0           ; 0            ; 0       ; 0         ; 0    ; 0            ; |modulik|singleTEA:tea22|functionF:f2 ; functionF   ; work         ;
;    |singleTEA:tea23|       ; 766 (184)           ; 0 (0)                     ; 0           ; 0            ; 0       ; 0         ; 0    ; 0            ; |modulik|singleTEA:tea23              ; singleTEA   ; work         ;
;       |functionF:f1|       ; 293 (293)           ; 0 (0)                     ; 0           ; 0            ; 0       ; 0         ; 0    ; 0            ; |modulik|singleTEA:tea23|functionF:f1 ; functionF   ; work         ;
;       |functionF:f2|       ; 289 (289)           ; 0 (0)                     ; 0           ; 0            ; 0       ; 0         ; 0    ; 0            ; |modulik|singleTEA:tea23|functionF:f2 ; functionF   ; work         ;
;    |singleTEA:tea24|       ; 770 (184)           ; 0 (0)                     ; 0           ; 0            ; 0       ; 0         ; 0    ; 0            ; |modulik|singleTEA:tea24              ; singleTEA   ; work         ;
;       |functionF:f1|       ; 298 (298)           ; 0 (0)                     ; 0           ; 0            ; 0       ; 0         ; 0    ; 0            ; |modulik|singleTEA:tea24|functionF:f1 ; functionF   ; work         ;
;       |functionF:f2|       ; 288 (288)           ; 0 (0)                     ; 0           ; 0            ; 0       ; 0         ; 0    ; 0            ; |modulik|singleTEA:tea24|functionF:f2 ; functionF   ; work         ;
;    |singleTEA:tea25|       ; 769 (189)           ; 0 (0)                     ; 0           ; 0            ; 0       ; 0         ; 0    ; 0            ; |modulik|singleTEA:tea25              ; singleTEA   ; work         ;
;       |functionF:f1|       ; 291 (291)           ; 0 (0)                     ; 0           ; 0            ; 0       ; 0         ; 0    ; 0            ; |modulik|singleTEA:tea25|functionF:f1 ; functionF   ; work         ;
;       |functionF:f2|       ; 289 (289)           ; 0 (0)                     ; 0           ; 0            ; 0       ; 0         ; 0    ; 0            ; |modulik|singleTEA:tea25|functionF:f2 ; functionF   ; work         ;
;    |singleTEA:tea26|       ; 753 (184)           ; 0 (0)                     ; 0           ; 0            ; 0       ; 0         ; 0    ; 0            ; |modulik|singleTEA:tea26              ; singleTEA   ; work         ;
;       |functionF:f1|       ; 283 (283)           ; 0 (0)                     ; 0           ; 0            ; 0       ; 0         ; 0    ; 0            ; |modulik|singleTEA:tea26|functionF:f1 ; functionF   ; work         ;
;       |functionF:f2|       ; 286 (286)           ; 0 (0)                     ; 0           ; 0            ; 0       ; 0         ; 0    ; 0            ; |modulik|singleTEA:tea26|functionF:f2 ; functionF   ; work         ;
;    |singleTEA:tea27|       ; 761 (185)           ; 0 (0)                     ; 0           ; 0            ; 0       ; 0         ; 0    ; 0            ; |modulik|singleTEA:tea27              ; singleTEA   ; work         ;
;       |functionF:f1|       ; 289 (289)           ; 0 (0)                     ; 0           ; 0            ; 0       ; 0         ; 0    ; 0            ; |modulik|singleTEA:tea27|functionF:f1 ; functionF   ; work         ;
;       |functionF:f2|       ; 287 (287)           ; 0 (0)                     ; 0           ; 0            ; 0       ; 0         ; 0    ; 0            ; |modulik|singleTEA:tea27|functionF:f2 ; functionF   ; work         ;
;    |singleTEA:tea28|       ; 761 (186)           ; 0 (0)                     ; 0           ; 0            ; 0       ; 0         ; 0    ; 0            ; |modulik|singleTEA:tea28              ; singleTEA   ; work         ;
;       |functionF:f1|       ; 288 (288)           ; 0 (0)                     ; 0           ; 0            ; 0       ; 0         ; 0    ; 0            ; |modulik|singleTEA:tea28|functionF:f1 ; functionF   ; work         ;
;       |functionF:f2|       ; 287 (287)           ; 0 (0)                     ; 0           ; 0            ; 0       ; 0         ; 0    ; 0            ; |modulik|singleTEA:tea28|functionF:f2 ; functionF   ; work         ;
;    |singleTEA:tea29|       ; 761 (183)           ; 0 (0)                     ; 0           ; 0            ; 0       ; 0         ; 0    ; 0            ; |modulik|singleTEA:tea29              ; singleTEA   ; work         ;
;       |functionF:f1|       ; 285 (285)           ; 0 (0)                     ; 0           ; 0            ; 0       ; 0         ; 0    ; 0            ; |modulik|singleTEA:tea29|functionF:f1 ; functionF   ; work         ;
;       |functionF:f2|       ; 293 (293)           ; 0 (0)                     ; 0           ; 0            ; 0       ; 0         ; 0    ; 0            ; |modulik|singleTEA:tea29|functionF:f2 ; functionF   ; work         ;
;    |singleTEA:tea2|        ; 774 (179)           ; 0 (0)                     ; 0           ; 0            ; 0       ; 0         ; 0    ; 0            ; |modulik|singleTEA:tea2               ; singleTEA   ; work         ;
;       |functionF:f1|       ; 301 (301)           ; 0 (0)                     ; 0           ; 0            ; 0       ; 0         ; 0    ; 0            ; |modulik|singleTEA:tea2|functionF:f1  ; functionF   ; work         ;
;       |functionF:f2|       ; 294 (294)           ; 0 (0)                     ; 0           ; 0            ; 0       ; 0         ; 0    ; 0            ; |modulik|singleTEA:tea2|functionF:f2  ; functionF   ; work         ;
;    |singleTEA:tea30|       ; 762 (184)           ; 0 (0)                     ; 0           ; 0            ; 0       ; 0         ; 0    ; 0            ; |modulik|singleTEA:tea30              ; singleTEA   ; work         ;
;       |functionF:f1|       ; 293 (293)           ; 0 (0)                     ; 0           ; 0            ; 0       ; 0         ; 0    ; 0            ; |modulik|singleTEA:tea30|functionF:f1 ; functionF   ; work         ;
;       |functionF:f2|       ; 285 (285)           ; 0 (0)                     ; 0           ; 0            ; 0       ; 0         ; 0    ; 0            ; |modulik|singleTEA:tea30|functionF:f2 ; functionF   ; work         ;
;    |singleTEA:tea31|       ; 794 (185)           ; 0 (0)                     ; 0           ; 0            ; 0       ; 0         ; 0    ; 0            ; |modulik|singleTEA:tea31              ; singleTEA   ; work         ;
;       |functionF:f1|       ; 285 (285)           ; 0 (0)                     ; 0           ; 0            ; 0       ; 0         ; 0    ; 0            ; |modulik|singleTEA:tea31|functionF:f1 ; functionF   ; work         ;
;       |functionF:f2|       ; 324 (324)           ; 0 (0)                     ; 0           ; 0            ; 0       ; 0         ; 0    ; 0            ; |modulik|singleTEA:tea31|functionF:f2 ; functionF   ; work         ;
;    |singleTEA:tea32|       ; 807 (185)           ; 0 (0)                     ; 0           ; 0            ; 0       ; 0         ; 0    ; 0            ; |modulik|singleTEA:tea32              ; singleTEA   ; work         ;
;       |functionF:f1|       ; 333 (333)           ; 0 (0)                     ; 0           ; 0            ; 0       ; 0         ; 0    ; 0            ; |modulik|singleTEA:tea32|functionF:f1 ; functionF   ; work         ;
;       |functionF:f2|       ; 289 (289)           ; 0 (0)                     ; 0           ; 0            ; 0       ; 0         ; 0    ; 0            ; |modulik|singleTEA:tea32|functionF:f2 ; functionF   ; work         ;
;    |singleTEA:tea3|        ; 763 (178)           ; 0 (0)                     ; 0           ; 0            ; 0       ; 0         ; 0    ; 0            ; |modulik|singleTEA:tea3               ; singleTEA   ; work         ;
;       |functionF:f1|       ; 291 (291)           ; 0 (0)                     ; 0           ; 0            ; 0       ; 0         ; 0    ; 0            ; |modulik|singleTEA:tea3|functionF:f1  ; functionF   ; work         ;
;       |functionF:f2|       ; 294 (294)           ; 0 (0)                     ; 0           ; 0            ; 0       ; 0         ; 0    ; 0            ; |modulik|singleTEA:tea3|functionF:f2  ; functionF   ; work         ;
;    |singleTEA:tea4|        ; 769 (179)           ; 0 (0)                     ; 0           ; 0            ; 0       ; 0         ; 0    ; 0            ; |modulik|singleTEA:tea4               ; singleTEA   ; work         ;
;       |functionF:f1|       ; 296 (296)           ; 0 (0)                     ; 0           ; 0            ; 0       ; 0         ; 0    ; 0            ; |modulik|singleTEA:tea4|functionF:f1  ; functionF   ; work         ;
;       |functionF:f2|       ; 294 (294)           ; 0 (0)                     ; 0           ; 0            ; 0       ; 0         ; 0    ; 0            ; |modulik|singleTEA:tea4|functionF:f2  ; functionF   ; work         ;
;    |singleTEA:tea5|        ; 764 (179)           ; 0 (0)                     ; 0           ; 0            ; 0       ; 0         ; 0    ; 0            ; |modulik|singleTEA:tea5               ; singleTEA   ; work         ;
;       |functionF:f1|       ; 290 (290)           ; 0 (0)                     ; 0           ; 0            ; 0       ; 0         ; 0    ; 0            ; |modulik|singleTEA:tea5|functionF:f1  ; functionF   ; work         ;
;       |functionF:f2|       ; 295 (295)           ; 0 (0)                     ; 0           ; 0            ; 0       ; 0         ; 0    ; 0            ; |modulik|singleTEA:tea5|functionF:f2  ; functionF   ; work         ;
;    |singleTEA:tea6|        ; 764 (178)           ; 0 (0)                     ; 0           ; 0            ; 0       ; 0         ; 0    ; 0            ; |modulik|singleTEA:tea6               ; singleTEA   ; work         ;
;       |functionF:f1|       ; 291 (291)           ; 0 (0)                     ; 0           ; 0            ; 0       ; 0         ; 0    ; 0            ; |modulik|singleTEA:tea6|functionF:f1  ; functionF   ; work         ;
;       |functionF:f2|       ; 295 (295)           ; 0 (0)                     ; 0           ; 0            ; 0       ; 0         ; 0    ; 0            ; |modulik|singleTEA:tea6|functionF:f2  ; functionF   ; work         ;
;    |singleTEA:tea7|        ; 766 (180)           ; 0 (0)                     ; 0           ; 0            ; 0       ; 0         ; 0    ; 0            ; |modulik|singleTEA:tea7               ; singleTEA   ; work         ;
;       |functionF:f1|       ; 294 (294)           ; 0 (0)                     ; 0           ; 0            ; 0       ; 0         ; 0    ; 0            ; |modulik|singleTEA:tea7|functionF:f1  ; functionF   ; work         ;
;       |functionF:f2|       ; 292 (292)           ; 0 (0)                     ; 0           ; 0            ; 0       ; 0         ; 0    ; 0            ; |modulik|singleTEA:tea7|functionF:f2  ; functionF   ; work         ;
;    |singleTEA:tea8|        ; 765 (180)           ; 0 (0)                     ; 0           ; 0            ; 0       ; 0         ; 0    ; 0            ; |modulik|singleTEA:tea8               ; singleTEA   ; work         ;
;       |functionF:f1|       ; 289 (289)           ; 0 (0)                     ; 0           ; 0            ; 0       ; 0         ; 0    ; 0            ; |modulik|singleTEA:tea8|functionF:f1  ; functionF   ; work         ;
;       |functionF:f2|       ; 296 (296)           ; 0 (0)                     ; 0           ; 0            ; 0       ; 0         ; 0    ; 0            ; |modulik|singleTEA:tea8|functionF:f2  ; functionF   ; work         ;
;    |singleTEA:tea9|        ; 763 (181)           ; 0 (0)                     ; 0           ; 0            ; 0       ; 0         ; 0    ; 0            ; |modulik|singleTEA:tea9               ; singleTEA   ; work         ;
;       |functionF:f1|       ; 289 (289)           ; 0 (0)                     ; 0           ; 0            ; 0       ; 0         ; 0    ; 0            ; |modulik|singleTEA:tea9|functionF:f1  ; functionF   ; work         ;
;       |functionF:f2|       ; 293 (293)           ; 0 (0)                     ; 0           ; 0            ; 0       ; 0         ; 0    ; 0            ; |modulik|singleTEA:tea9|functionF:f2  ; functionF   ; work         ;
+----------------------------+---------------------+---------------------------+-------------+--------------+---------+-----------+------+--------------+---------------------------------------+-------------+--------------+
Note: For table entries with two numbers listed, the numbers in parentheses indicate the number of resources of the given type used by the specific entity alone. The numbers listed outside of parentheses indicate the total resources of the given type used by the specific entity and all of its sub-entities in the hierarchy.


+------------------------------------------------------+
; General Register Statistics                          ;
+----------------------------------------------+-------+
; Statistic                                    ; Value ;
+----------------------------------------------+-------+
; Total registers                              ; 0     ;
; Number of registers using Synchronous Clear  ; 0     ;
; Number of registers using Synchronous Load   ; 0     ;
; Number of registers using Asynchronous Clear ; 0     ;
; Number of registers using Asynchronous Load  ; 0     ;
; Number of registers using Clock Enable       ; 0     ;
; Number of registers using Preset             ; 0     ;
+----------------------------------------------+-------+


+-----------------------------------------------------------------------------------------------------------------------------------------------------------------+
; Multiplexer Restructuring Statistics (Restructuring Performed)                                                                                                  ;
+--------------------+-----------+---------------+----------------------+------------------------+------------+---------------------------------------------------+
; Multiplexer Inputs ; Bus Width ; Baseline Area ; Area if Restructured ; Saving if Restructured ; Registered ; Example Multiplexer Output                        ;
+--------------------+-----------+---------------+----------------------+------------------------+------------+---------------------------------------------------+
; 3:1                ; 512 bits  ; 1024 LEs      ; 512 LEs              ; 512 LEs                ; No         ; |modulik|singleTEA:tea26|functionF:f1|ShiftLeft0  ;
; 3:1                ; 512 bits  ; 1024 LEs      ; 512 LEs              ; 512 LEs                ; No         ; |modulik|singleTEA:tea23|functionF:f2|ShiftLeft0  ;
; 3:1                ; 512 bits  ; 1024 LEs      ; 512 LEs              ; 512 LEs                ; No         ; |modulik|singleTEA:tea32|functionF:f1|ShiftRight0 ;
; 3:1                ; 512 bits  ; 1024 LEs      ; 512 LEs              ; 512 LEs                ; No         ; |modulik|singleTEA:tea8|functionF:f2|ShiftRight0  ;
; 4:1                ; 256 bits  ; 512 LEs       ; 512 LEs              ; 0 LEs                  ; No         ; |modulik|singleTEA:tea15|functionF:f1|ShiftLeft0  ;
; 4:1                ; 256 bits  ; 512 LEs       ; 512 LEs              ; 0 LEs                  ; No         ; |modulik|singleTEA:tea19|functionF:f2|ShiftLeft0  ;
; 4:1                ; 256 bits  ; 512 LEs       ; 512 LEs              ; 0 LEs                  ; No         ; |modulik|singleTEA:tea24|functionF:f1|ShiftRight0 ;
; 4:1                ; 256 bits  ; 512 LEs       ; 512 LEs              ; 0 LEs                  ; No         ; |modulik|singleTEA:tea3|functionF:f2|ShiftRight0  ;
; 5:1                ; 128 bits  ; 384 LEs       ; 384 LEs              ; 0 LEs                  ; No         ; |modulik|singleTEA:tea17|functionF:f1|ShiftRight0 ;
; 5:1                ; 128 bits  ; 384 LEs       ; 384 LEs              ; 0 LEs                  ; No         ; |modulik|singleTEA:tea30|functionF:f2|ShiftRight0 ;
; 5:1                ; 128 bits  ; 384 LEs       ; 384 LEs              ; 0 LEs                  ; No         ; |modulik|singleTEA:tea29|functionF:f1|ShiftLeft0  ;
; 5:1                ; 128 bits  ; 384 LEs       ; 384 LEs              ; 0 LEs                  ; No         ; |modulik|singleTEA:tea15|functionF:f2|ShiftLeft0  ;
; 6:1                ; 64 bits   ; 256 LEs       ; 256 LEs              ; 0 LEs                  ; No         ; |modulik|singleTEA:tea22|functionF:f1|ShiftLeft0  ;
; 6:1                ; 64 bits   ; 256 LEs       ; 256 LEs              ; 0 LEs                  ; No         ; |modulik|singleTEA:tea28|functionF:f2|ShiftLeft0  ;
; 6:1                ; 64 bits   ; 256 LEs       ; 256 LEs              ; 0 LEs                  ; No         ; |modulik|singleTEA:tea7|functionF:f1|ShiftRight0  ;
; 6:1                ; 64 bits   ; 256 LEs       ; 256 LEs              ; 0 LEs                  ; No         ; |modulik|singleTEA:tea22|functionF:f2|ShiftRight0 ;
; 7:1                ; 64 bits   ; 256 LEs       ; 256 LEs              ; 0 LEs                  ; No         ; |modulik|singleTEA:tea12|functionF:f1|ShiftLeft0  ;
; 7:1                ; 64 bits   ; 256 LEs       ; 256 LEs              ; 0 LEs                  ; No         ; |modulik|singleTEA:tea29|functionF:f2|ShiftLeft0  ;
; 7:1                ; 64 bits   ; 256 LEs       ; 256 LEs              ; 0 LEs                  ; No         ; |modulik|singleTEA:tea23|functionF:f1|ShiftRight0 ;
; 7:1                ; 64 bits   ; 256 LEs       ; 256 LEs              ; 0 LEs                  ; No         ; |modulik|singleTEA:tea18|functionF:f2|ShiftRight0 ;
+--------------------+-----------+---------------+----------------------+------------------------+------------+---------------------------------------------------+


+-----------------------------------------------+
; Port Connectivity Checks: "singleTEA:tea32"   ;
+-------------+-------+----------+--------------+
; Port        ; Type  ; Severity ; Details      ;
+-------------+-------+----------+--------------+
; sum[26..25] ; Input ; Info     ; Stuck at VCC ;
; sum[18..16] ; Input ; Info     ; Stuck at VCC ;
; sum[13..12] ; Input ; Info     ; Stuck at VCC ;
; sum[2..1]   ; Input ; Info     ; Stuck at GND ;
; sum[31]     ; Input ; Info     ; Stuck at VCC ;
; sum[29]     ; Input ; Info     ; Stuck at GND ;
; sum[24]     ; Input ; Info     ; Stuck at GND ;
; sum[21]     ; Input ; Info     ; Stuck at VCC ;
; sum[15]     ; Input ; Info     ; Stuck at GND ;
; sum[8]      ; Input ; Info     ; Stuck at VCC ;
; sum[6]      ; Input ; Info     ; Stuck at GND ;
; sum[5]      ; Input ; Info     ; Stuck at VCC ;
+-------------+-------+----------+--------------+


+-----------------------------------------------+
; Port Connectivity Checks: "singleTEA:tea31"   ;
+-------------+-------+----------+--------------+
; Port        ; Type  ; Severity ; Details      ;
+-------------+-------+----------+--------------+
; sum[18..17] ; Input ; Info     ; Stuck at VCC ;
; sum[13..12] ; Input ; Info     ; Stuck at VCC ;
; sum[6..5]   ; Input ; Info     ; Stuck at VCC ;
; sum[31..30] ; Input ; Info     ; Stuck at GND ;
; sum[25..24] ; Input ; Info     ; Stuck at GND ;
; sum[29]     ; Input ; Info     ; Stuck at VCC ;
; sum[27]     ; Input ; Info     ; Stuck at VCC ;
; sum[21]     ; Input ; Info     ; Stuck at VCC ;
; sum[15]     ; Input ; Info     ; Stuck at VCC ;
; sum[8]      ; Input ; Info     ; Stuck at VCC ;
; sum[7]      ; Input ; Info     ; Stuck at GND ;
; sum[3]      ; Input ; Info     ; Stuck at GND ;
; sum[1]      ; Input ; Info     ; Stuck at VCC ;
+-------------+-------+----------+--------------+


+-----------------------------------------------+
; Port Connectivity Checks: "singleTEA:tea30"   ;
+-------------+-------+----------+--------------+
; Port        ; Type  ; Severity ; Details      ;
+-------------+-------+----------+--------------+
; sum[20..19] ; Input ; Info     ; Stuck at GND ;
; sum[16..15] ; Input ; Info     ; Stuck at GND ;
; sum[31]     ; Input ; Info     ; Stuck at VCC ;
; sum[29]     ; Input ; Info     ; Stuck at GND ;
; sum[27]     ; Input ; Info     ; Stuck at VCC ;
; sum[26]     ; Input ; Info     ; Stuck at GND ;
; sum[25]     ; Input ; Info     ; Stuck at VCC ;
; sum[24]     ; Input ; Info     ; Stuck at GND ;
; sum[23]     ; Input ; Info     ; Stuck at VCC ;
; sum[22]     ; Input ; Info     ; Stuck at GND ;
; sum[14]     ; Input ; Info     ; Stuck at VCC ;
; sum[12]     ; Input ; Info     ; Stuck at GND ;
; sum[8]      ; Input ; Info     ; Stuck at VCC ;
; sum[6]      ; Input ; Info     ; Stuck at GND ;
; sum[5]      ; Input ; Info     ; Stuck at VCC ;
; sum[4]      ; Input ; Info     ; Stuck at GND ;
; sum[3]      ; Input ; Info     ; Stuck at VCC ;
; sum[1]      ; Input ; Info     ; Stuck at VCC ;
+-------------+-------+----------+--------------+


+-----------------------------------------------+
; Port Connectivity Checks: "singleTEA:tea29"   ;
+-------------+-------+----------+--------------+
; Port        ; Type  ; Severity ; Details      ;
+-------------+-------+----------+--------------+
; sum[30..29] ; Input ; Info     ; Stuck at VCC ;
; sum[15..14] ; Input ; Info     ; Stuck at VCC ;
; sum[7..5]   ; Input ; Info     ; Stuck at VCC ;
; sum[25..24] ; Input ; Info     ; Stuck at GND ;
; sum[27]     ; Input ; Info     ; Stuck at VCC ;
; sum[22]     ; Input ; Info     ; Stuck at VCC ;
; sum[21]     ; Input ; Info     ; Stuck at GND ;
; sum[19]     ; Input ; Info     ; Stuck at VCC ;
; sum[17]     ; Input ; Info     ; Stuck at GND ;
; sum[12]     ; Input ; Info     ; Stuck at GND ;
; sum[3]      ; Input ; Info     ; Stuck at GND ;
; sum[2]      ; Input ; Info     ; Stuck at VCC ;
; sum[1]      ; Input ; Info     ; Stuck at GND ;
+-------------+-------+----------+--------------+


+-----------------------------------------------+
; Port Connectivity Checks: "singleTEA:tea28"   ;
+-------------+-------+----------+--------------+
; Port        ; Type  ; Severity ; Details      ;
+-------------+-------+----------+--------------+
; sum[26..25] ; Input ; Info     ; Stuck at VCC ;
; sum[4..2]   ; Input ; Info     ; Stuck at VCC ;
; sum[23..21] ; Input ; Info     ; Stuck at GND ;
; sum[11..8]  ; Input ; Info     ; Stuck at GND ;
; sum[31]     ; Input ; Info     ; Stuck at GND ;
; sum[29]     ; Input ; Info     ; Stuck at GND ;
; sum[20]     ; Input ; Info     ; Stuck at VCC ;
; sum[19]     ; Input ; Info     ; Stuck at GND ;
; sum[17]     ; Input ; Info     ; Stuck at GND ;
; sum[16]     ; Input ; Info     ; Stuck at VCC ;
; sum[15]     ; Input ; Info     ; Stuck at GND ;
; sum[14]     ; Input ; Info     ; Stuck at VCC ;
; sum[6]      ; Input ; Info     ; Stuck at GND ;
; sum[1]      ; Input ; Info     ; Stuck at GND ;
+-------------+-------+----------+--------------+


+-----------------------------------------------+
; Port Connectivity Checks: "singleTEA:tea27"   ;
+-------------+-------+----------+--------------+
; Port        ; Type  ; Severity ; Details      ;
+-------------+-------+----------+--------------+
; sum[15..14] ; Input ; Info     ; Stuck at VCC ;
; sum[31]     ; Input ; Info     ; Stuck at VCC ;
; sum[30]     ; Input ; Info     ; Stuck at GND ;
; sum[29]     ; Input ; Info     ; Stuck at VCC ;
; sum[26]     ; Input ; Info     ; Stuck at VCC ;
; sum[24]     ; Input ; Info     ; Stuck at VCC ;
; sum[22]     ; Input ; Info     ; Stuck at VCC ;
; sum[21]     ; Input ; Info     ; Stuck at GND ;
; sum[19]     ; Input ; Info     ; Stuck at VCC ;
; sum[17]     ; Input ; Info     ; Stuck at GND ;
; sum[13]     ; Input ; Info     ; Stuck at GND ;
; sum[12]     ; Input ; Info     ; Stuck at VCC ;
; sum[9]      ; Input ; Info     ; Stuck at VCC ;
; sum[8]      ; Input ; Info     ; Stuck at GND ;
; sum[5]      ; Input ; Info     ; Stuck at GND ;
; sum[3]      ; Input ; Info     ; Stuck at GND ;
; sum[1]      ; Input ; Info     ; Stuck at VCC ;
+-------------+-------+----------+--------------+


+-----------------------------------------------+
; Port Connectivity Checks: "singleTEA:tea26"   ;
+-------------+-------+----------+--------------+
; Port        ; Type  ; Severity ; Details      ;
+-------------+-------+----------+--------------+
; sum[24..23] ; Input ; Info     ; Stuck at VCC ;
; sum[27..26] ; Input ; Info     ; Stuck at GND ;
; sum[20..19] ; Input ; Info     ; Stuck at GND ;
; sum[16..15] ; Input ; Info     ; Stuck at GND ;
; sum[9..8]   ; Input ; Info     ; Stuck at GND ;
; sum[5..4]   ; Input ; Info     ; Stuck at GND ;
; sum[31]     ; Input ; Info     ; Stuck at GND ;
; sum[29]     ; Input ; Info     ; Stuck at GND ;
; sum[28]     ; Input ; Info     ; Stuck at VCC ;
; sum[22]     ; Input ; Info     ; Stuck at GND ;
; sum[14]     ; Input ; Info     ; Stuck at VCC ;
; sum[13]     ; Input ; Info     ; Stuck at GND ;
; sum[12]     ; Input ; Info     ; Stuck at VCC ;
; sum[10]     ; Input ; Info     ; Stuck at VCC ;
; sum[3]      ; Input ; Info     ; Stuck at VCC ;
; sum[1]      ; Input ; Info     ; Stuck at VCC ;
+-------------+-------+----------+--------------+


+-----------------------------------------------+
; Port Connectivity Checks: "singleTEA:tea25"   ;
+-------------+-------+----------+--------------+
; Port        ; Type  ; Severity ; Details      ;
+-------------+-------+----------+--------------+
; sum[30..28] ; Input ; Info     ; Stuck at VCC ;
; sum[15..14] ; Input ; Info     ; Stuck at VCC ;
; sum[27..26] ; Input ; Info     ; Stuck at GND ;
; sum[2..1]   ; Input ; Info     ; Stuck at GND ;
; sum[24]     ; Input ; Info     ; Stuck at VCC ;
; sum[21]     ; Input ; Info     ; Stuck at VCC ;
; sum[19]     ; Input ; Info     ; Stuck at VCC ;
; sum[18]     ; Input ; Info     ; Stuck at GND ;
; sum[17]     ; Input ; Info     ; Stuck at VCC ;
; sum[12]     ; Input ; Info     ; Stuck at GND ;
; sum[8]      ; Input ; Info     ; Stuck at VCC ;
; sum[5]      ; Input ; Info     ; Stuck at GND ;
+-------------+-------+----------+--------------+


+-----------------------------------------------+
; Port Connectivity Checks: "singleTEA:tea24"   ;
+-------------+-------+----------+--------------+
; Port        ; Type  ; Severity ; Details      ;
+-------------+-------+----------+--------------+
; sum[21..20] ; Input ; Info     ; Stuck at VCC ;
; sum[17..16] ; Input ; Info     ; Stuck at VCC ;
; sum[19..18] ; Input ; Info     ; Stuck at GND ;
; sum[2..1]   ; Input ; Info     ; Stuck at GND ;
; sum[31]     ; Input ; Info     ; Stuck at VCC ;
; sum[29]     ; Input ; Info     ; Stuck at GND ;
; sum[26]     ; Input ; Info     ; Stuck at VCC ;
; sum[24]     ; Input ; Info     ; Stuck at VCC ;
; sum[15]     ; Input ; Info     ; Stuck at GND ;
; sum[14]     ; Input ; Info     ; Stuck at VCC ;
; sum[12]     ; Input ; Info     ; Stuck at GND ;
; sum[8]      ; Input ; Info     ; Stuck at VCC ;
; sum[5]      ; Input ; Info     ; Stuck at GND ;
+-------------+-------+----------+--------------+


+-----------------------------------------------+
; Port Connectivity Checks: "singleTEA:tea23"   ;
+-------------+-------+----------+--------------+
; Port        ; Type  ; Severity ; Details      ;
+-------------+-------+----------+--------------+
; sum[26..25] ; Input ; Info     ; Stuck at VCC ;
; sum[15..14] ; Input ; Info     ; Stuck at VCC ;
; sum[4..3]   ; Input ; Info     ; Stuck at VCC ;
; sum[31..30] ; Input ; Info     ; Stuck at GND ;
; sum[29]     ; Input ; Info     ; Stuck at VCC ;
; sum[24]     ; Input ; Info     ; Stuck at GND ;
; sum[21]     ; Input ; Info     ; Stuck at VCC ;
; sum[19]     ; Input ; Info     ; Stuck at VCC ;
; sum[18]     ; Input ; Info     ; Stuck at GND ;
; sum[17]     ; Input ; Info     ; Stuck at VCC ;
; sum[12]     ; Input ; Info     ; Stuck at GND ;
; sum[8]      ; Input ; Info     ; Stuck at VCC ;
; sum[6]      ; Input ; Info     ; Stuck at GND ;
; sum[1]      ; Input ; Info     ; Stuck at VCC ;
+-------------+-------+----------+--------------+


+-----------------------------------------------+
; Port Connectivity Checks: "singleTEA:tea22"   ;
+-------------+-------+----------+--------------+
; Port        ; Type  ; Severity ; Details      ;
+-------------+-------+----------+--------------+
; sum[13..12] ; Input ; Info     ; Stuck at VCC ;
; sum[7..5]   ; Input ; Info     ; Stuck at VCC ;
; sum[25..24] ; Input ; Info     ; Stuck at GND ;
; sum[20..19] ; Input ; Info     ; Stuck at GND ;
; sum[16..15] ; Input ; Info     ; Stuck at GND ;
; sum[31]     ; Input ; Info     ; Stuck at VCC ;
; sum[29]     ; Input ; Info     ; Stuck at GND ;
; sum[27]     ; Input ; Info     ; Stuck at VCC ;
; sum[22]     ; Input ; Info     ; Stuck at VCC ;
; sum[3]      ; Input ; Info     ; Stuck at GND ;
; sum[1]      ; Input ; Info     ; Stuck at VCC ;
+-------------+-------+----------+--------------+


+-----------------------------------------------+
; Port Connectivity Checks: "singleTEA:tea21"   ;
+-------------+-------+----------+--------------+
; Port        ; Type  ; Severity ; Details      ;
+-------------+-------+----------+--------------+
; sum[30..29] ; Input ; Info     ; Stuck at VCC ;
; sum[13..12] ; Input ; Info     ; Stuck at VCC ;
; sum[3..2]   ; Input ; Info     ; Stuck at VCC ;
; sum[22..21] ; Input ; Info     ; Stuck at GND ;
; sum[9..8]   ; Input ; Info     ; Stuck at GND ;
; sum[27]     ; Input ; Info     ; Stuck at VCC ;
; sum[26]     ; Input ; Info     ; Stuck at GND ;
; sum[25]     ; Input ; Info     ; Stuck at VCC ;
; sum[24]     ; Input ; Info     ; Stuck at GND ;
; sum[23]     ; Input ; Info     ; Stuck at VCC ;
; sum[19]     ; Input ; Info     ; Stuck at VCC ;
; sum[17]     ; Input ; Info     ; Stuck at GND ;
; sum[15]     ; Input ; Info     ; Stuck at VCC ;
; sum[10]     ; Input ; Info     ; Stuck at VCC ;
; sum[6]      ; Input ; Info     ; Stuck at GND ;
; sum[5]      ; Input ; Info     ; Stuck at VCC ;
; sum[4]      ; Input ; Info     ; Stuck at GND ;
; sum[1]      ; Input ; Info     ; Stuck at GND ;
+-------------+-------+----------+--------------+


+-----------------------------------------------+
; Port Connectivity Checks: "singleTEA:tea20"   ;
+-------------+-------+----------+--------------+
; Port        ; Type  ; Severity ; Details      ;
+-------------+-------+----------+--------------+
; sum[6..5]   ; Input ; Info     ; Stuck at VCC ;
; sum[25..24] ; Input ; Info     ; Stuck at GND ;
; sum[8..7]   ; Input ; Info     ; Stuck at GND ;
; sum[31]     ; Input ; Info     ; Stuck at GND ;
; sum[29]     ; Input ; Info     ; Stuck at GND ;
; sum[27]     ; Input ; Info     ; Stuck at VCC ;
; sum[22]     ; Input ; Info     ; Stuck at VCC ;
; sum[21]     ; Input ; Info     ; Stuck at GND ;
; sum[20]     ; Input ; Info     ; Stuck at VCC ;
; sum[19]     ; Input ; Info     ; Stuck at GND ;
; sum[17]     ; Input ; Info     ; Stuck at GND ;
; sum[16]     ; Input ; Info     ; Stuck at VCC ;
; sum[14]     ; Input ; Info     ; Stuck at GND ;
; sum[12]     ; Input ; Info     ; Stuck at GND ;
; sum[9]      ; Input ; Info     ; Stuck at VCC ;
; sum[3]      ; Input ; Info     ; Stuck at GND ;
; sum[2]      ; Input ; Info     ; Stuck at VCC ;
; sum[1]      ; Input ; Info     ; Stuck at GND ;
+-------------+-------+----------+--------------+


+-----------------------------------------------+
; Port Connectivity Checks: "singleTEA:tea19"   ;
+-------------+-------+----------+--------------+
; Port        ; Type  ; Severity ; Details      ;
+-------------+-------+----------+--------------+
; sum[26..25] ; Input ; Info     ; Stuck at VCC ;
; sum[4..3]   ; Input ; Info     ; Stuck at VCC ;
; sum[23..21] ; Input ; Info     ; Stuck at GND ;
; sum[10..8]  ; Input ; Info     ; Stuck at GND ;
; sum[31]     ; Input ; Info     ; Stuck at VCC ;
; sum[30]     ; Input ; Info     ; Stuck at GND ;
; sum[29]     ; Input ; Info     ; Stuck at VCC ;
; sum[19]     ; Input ; Info     ; Stuck at VCC ;
; sum[16]     ; Input ; Info     ; Stuck at GND ;
; sum[14]     ; Input ; Info     ; Stuck at GND ;
; sum[12]     ; Input ; Info     ; Stuck at GND ;
; sum[11]     ; Input ; Info     ; Stuck at VCC ;
; sum[6]      ; Input ; Info     ; Stuck at GND ;
; sum[1]      ; Input ; Info     ; Stuck at VCC ;
+-------------+-------+----------+--------------+


+-----------------------------------------------+
; Port Connectivity Checks: "singleTEA:tea18"   ;
+-------------+-------+----------+--------------+
; Port        ; Type  ; Severity ; Details      ;
+-------------+-------+----------+--------------+
; sum[20..19] ; Input ; Info     ; Stuck at GND ;
; sum[31]     ; Input ; Info     ; Stuck at GND ;
; sum[29]     ; Input ; Info     ; Stuck at GND ;
; sum[26]     ; Input ; Info     ; Stuck at VCC ;
; sum[24]     ; Input ; Info     ; Stuck at VCC ;
; sum[22]     ; Input ; Info     ; Stuck at VCC ;
; sum[16]     ; Input ; Info     ; Stuck at GND ;
; sum[14]     ; Input ; Info     ; Stuck at GND ;
; sum[12]     ; Input ; Info     ; Stuck at GND ;
; sum[8]      ; Input ; Info     ; Stuck at VCC ;
; sum[5]      ; Input ; Info     ; Stuck at GND ;
; sum[3]      ; Input ; Info     ; Stuck at GND ;
; sum[1]      ; Input ; Info     ; Stuck at VCC ;
+-------------+-------+----------+--------------+


+-----------------------------------------------+
; Port Connectivity Checks: "singleTEA:tea17"   ;
+-------------+-------+----------+--------------+
; Port        ; Type  ; Severity ; Details      ;
+-------------+-------+----------+--------------+
; sum[18..16] ; Input ; Info     ; Stuck at VCC ;
; sum[28..26] ; Input ; Info     ; Stuck at GND ;
; sum[14..13] ; Input ; Info     ; Stuck at GND ;
; sum[2..1]   ; Input ; Info     ; Stuck at GND ;
; sum[31]     ; Input ; Info     ; Stuck at VCC ;
; sum[24]     ; Input ; Info     ; Stuck at VCC ;
; sum[21]     ; Input ; Info     ; Stuck at VCC ;
; sum[12]     ; Input ; Info     ; Stuck at VCC ;
; sum[8]      ; Input ; Info     ; Stuck at VCC ;
; sum[5]      ; Input ; Info     ; Stuck at GND ;
+-------------+-------+----------+--------------+


+-----------------------------------------------+
; Port Connectivity Checks: "singleTEA:tea16"   ;
+-------------+-------+----------+--------------+
; Port        ; Type  ; Severity ; Details      ;
+-------------+-------+----------+--------------+
; sum[18..16] ; Input ; Info     ; Stuck at VCC ;
; sum[28..26] ; Input ; Info     ; Stuck at GND ;
; sum[14..13] ; Input ; Info     ; Stuck at GND ;
; sum[2..1]   ; Input ; Info     ; Stuck at GND ;
; sum[31]     ; Input ; Info     ; Stuck at VCC ;
; sum[24]     ; Input ; Info     ; Stuck at VCC ;
; sum[21]     ; Input ; Info     ; Stuck at VCC ;
; sum[12]     ; Input ; Info     ; Stuck at VCC ;
; sum[8]      ; Input ; Info     ; Stuck at VCC ;
; sum[5]      ; Input ; Info     ; Stuck at GND ;
+-------------+-------+----------+--------------+


+-----------------------------------------------+
; Port Connectivity Checks: "singleTEA:tea15"   ;
+-------------+-------+----------+--------------+
; Port        ; Type  ; Severity ; Details      ;
+-------------+-------+----------+--------------+
; sum[20..19] ; Input ; Info     ; Stuck at GND ;
; sum[31]     ; Input ; Info     ; Stuck at GND ;
; sum[29]     ; Input ; Info     ; Stuck at GND ;
; sum[26]     ; Input ; Info     ; Stuck at VCC ;
; sum[24]     ; Input ; Info     ; Stuck at VCC ;
; sum[22]     ; Input ; Info     ; Stuck at VCC ;
; sum[16]     ; Input ; Info     ; Stuck at GND ;
; sum[14]     ; Input ; Info     ; Stuck at GND ;
; sum[12]     ; Input ; Info     ; Stuck at GND ;
; sum[8]      ; Input ; Info     ; Stuck at VCC ;
; sum[5]      ; Input ; Info     ; Stuck at GND ;
; sum[3]      ; Input ; Info     ; Stuck at GND ;
; sum[1]      ; Input ; Info     ; Stuck at VCC ;
+-------------+-------+----------+--------------+


+-----------------------------------------------+
; Port Connectivity Checks: "singleTEA:tea14"   ;
+-------------+-------+----------+--------------+
; Port        ; Type  ; Severity ; Details      ;
+-------------+-------+----------+--------------+
; sum[26..25] ; Input ; Info     ; Stuck at VCC ;
; sum[4..3]   ; Input ; Info     ; Stuck at VCC ;
; sum[23..21] ; Input ; Info     ; Stuck at GND ;
; sum[10..8]  ; Input ; Info     ; Stuck at GND ;
; sum[31]     ; Input ; Info     ; Stuck at VCC ;
; sum[30]     ; Input ; Info     ; Stuck at GND ;
; sum[29]     ; Input ; Info     ; Stuck at VCC ;
; sum[19]     ; Input ; Info     ; Stuck at VCC ;
; sum[16]     ; Input ; Info     ; Stuck at GND ;
; sum[14]     ; Input ; Info     ; Stuck at GND ;
; sum[12]     ; Input ; Info     ; Stuck at GND ;
; sum[11]     ; Input ; Info     ; Stuck at VCC ;
; sum[6]      ; Input ; Info     ; Stuck at GND ;
; sum[1]      ; Input ; Info     ; Stuck at VCC ;
+-------------+-------+----------+--------------+


+-----------------------------------------------+
; Port Connectivity Checks: "singleTEA:tea13"   ;
+-------------+-------+----------+--------------+
; Port        ; Type  ; Severity ; Details      ;
+-------------+-------+----------+--------------+
; sum[6..5]   ; Input ; Info     ; Stuck at VCC ;
; sum[25..24] ; Input ; Info     ; Stuck at GND ;
; sum[8..7]   ; Input ; Info     ; Stuck at GND ;
; sum[31]     ; Input ; Info     ; Stuck at GND ;
; sum[29]     ; Input ; Info     ; Stuck at GND ;
; sum[27]     ; Input ; Info     ; Stuck at VCC ;
; sum[22]     ; Input ; Info     ; Stuck at VCC ;
; sum[21]     ; Input ; Info     ; Stuck at GND ;
; sum[20]     ; Input ; Info     ; Stuck at VCC ;
; sum[19]     ; Input ; Info     ; Stuck at GND ;
; sum[17]     ; Input ; Info     ; Stuck at GND ;
; sum[16]     ; Input ; Info     ; Stuck at VCC ;
; sum[14]     ; Input ; Info     ; Stuck at GND ;
; sum[12]     ; Input ; Info     ; Stuck at GND ;
; sum[9]      ; Input ; Info     ; Stuck at VCC ;
; sum[3]      ; Input ; Info     ; Stuck at GND ;
; sum[2]      ; Input ; Info     ; Stuck at VCC ;
; sum[1]      ; Input ; Info     ; Stuck at GND ;
+-------------+-------+----------+--------------+


+-----------------------------------------------+
; Port Connectivity Checks: "singleTEA:tea12"   ;
+-------------+-------+----------+--------------+
; Port        ; Type  ; Severity ; Details      ;
+-------------+-------+----------+--------------+
; sum[30..29] ; Input ; Info     ; Stuck at VCC ;
; sum[13..12] ; Input ; Info     ; Stuck at VCC ;
; sum[3..2]   ; Input ; Info     ; Stuck at VCC ;
; sum[22..21] ; Input ; Info     ; Stuck at GND ;
; sum[9..8]   ; Input ; Info     ; Stuck at GND ;
; sum[27]     ; Input ; Info     ; Stuck at VCC ;
; sum[26]     ; Input ; Info     ; Stuck at GND ;
; sum[25]     ; Input ; Info     ; Stuck at VCC ;
; sum[24]     ; Input ; Info     ; Stuck at GND ;
; sum[23]     ; Input ; Info     ; Stuck at VCC ;
; sum[19]     ; Input ; Info     ; Stuck at VCC ;
; sum[17]     ; Input ; Info     ; Stuck at GND ;
; sum[15]     ; Input ; Info     ; Stuck at VCC ;
; sum[10]     ; Input ; Info     ; Stuck at VCC ;
; sum[6]      ; Input ; Info     ; Stuck at GND ;
; sum[5]      ; Input ; Info     ; Stuck at VCC ;
; sum[4]      ; Input ; Info     ; Stuck at GND ;
; sum[1]      ; Input ; Info     ; Stuck at GND ;
+-------------+-------+----------+--------------+


+-----------------------------------------------+
; Port Connectivity Checks: "singleTEA:tea11"   ;
+-------------+-------+----------+--------------+
; Port        ; Type  ; Severity ; Details      ;
+-------------+-------+----------+--------------+
; sum[13..12] ; Input ; Info     ; Stuck at VCC ;
; sum[7..5]   ; Input ; Info     ; Stuck at VCC ;
; sum[25..24] ; Input ; Info     ; Stuck at GND ;
; sum[20..19] ; Input ; Info     ; Stuck at GND ;
; sum[16..15] ; Input ; Info     ; Stuck at GND ;
; sum[31]     ; Input ; Info     ; Stuck at VCC ;
; sum[29]     ; Input ; Info     ; Stuck at GND ;
; sum[27]     ; Input ; Info     ; Stuck at VCC ;
; sum[22]     ; Input ; Info     ; Stuck at VCC ;
; sum[3]      ; Input ; Info     ; Stuck at GND ;
; sum[1]      ; Input ; Info     ; Stuck at VCC ;
+-------------+-------+----------+--------------+


+-----------------------------------------------+
; Port Connectivity Checks: "singleTEA:tea10"   ;
+-------------+-------+----------+--------------+
; Port        ; Type  ; Severity ; Details      ;
+-------------+-------+----------+--------------+
; sum[26..25] ; Input ; Info     ; Stuck at VCC ;
; sum[15..14] ; Input ; Info     ; Stuck at VCC ;
; sum[4..3]   ; Input ; Info     ; Stuck at VCC ;
; sum[31..30] ; Input ; Info     ; Stuck at GND ;
; sum[29]     ; Input ; Info     ; Stuck at VCC ;
; sum[24]     ; Input ; Info     ; Stuck at GND ;
; sum[21]     ; Input ; Info     ; Stuck at VCC ;
; sum[19]     ; Input ; Info     ; Stuck at VCC ;
; sum[18]     ; Input ; Info     ; Stuck at GND ;
; sum[17]     ; Input ; Info     ; Stuck at VCC ;
; sum[12]     ; Input ; Info     ; Stuck at GND ;
; sum[8]      ; Input ; Info     ; Stuck at VCC ;
; sum[6]      ; Input ; Info     ; Stuck at GND ;
; sum[1]      ; Input ; Info     ; Stuck at VCC ;
+-------------+-------+----------+--------------+


+-----------------------------------------------+
; Port Connectivity Checks: "singleTEA:tea9"    ;
+-------------+-------+----------+--------------+
; Port        ; Type  ; Severity ; Details      ;
+-------------+-------+----------+--------------+
; sum[21..20] ; Input ; Info     ; Stuck at VCC ;
; sum[17..16] ; Input ; Info     ; Stuck at VCC ;
; sum[19..18] ; Input ; Info     ; Stuck at GND ;
; sum[2..1]   ; Input ; Info     ; Stuck at GND ;
; sum[31]     ; Input ; Info     ; Stuck at VCC ;
; sum[29]     ; Input ; Info     ; Stuck at GND ;
; sum[26]     ; Input ; Info     ; Stuck at VCC ;
; sum[24]     ; Input ; Info     ; Stuck at VCC ;
; sum[15]     ; Input ; Info     ; Stuck at GND ;
; sum[14]     ; Input ; Info     ; Stuck at VCC ;
; sum[12]     ; Input ; Info     ; Stuck at GND ;
; sum[8]      ; Input ; Info     ; Stuck at VCC ;
; sum[5]      ; Input ; Info     ; Stuck at GND ;
+-------------+-------+----------+--------------+


+-----------------------------------------------+
; Port Connectivity Checks: "singleTEA:tea8"    ;
+-------------+-------+----------+--------------+
; Port        ; Type  ; Severity ; Details      ;
+-------------+-------+----------+--------------+
; sum[30..28] ; Input ; Info     ; Stuck at VCC ;
; sum[15..14] ; Input ; Info     ; Stuck at VCC ;
; sum[27..26] ; Input ; Info     ; Stuck at GND ;
; sum[2..1]   ; Input ; Info     ; Stuck at GND ;
; sum[24]     ; Input ; Info     ; Stuck at VCC ;
; sum[21]     ; Input ; Info     ; Stuck at VCC ;
; sum[19]     ; Input ; Info     ; Stuck at VCC ;
; sum[18]     ; Input ; Info     ; Stuck at GND ;
; sum[17]     ; Input ; Info     ; Stuck at VCC ;
; sum[12]     ; Input ; Info     ; Stuck at GND ;
; sum[8]      ; Input ; Info     ; Stuck at VCC ;
; sum[5]      ; Input ; Info     ; Stuck at GND ;
+-------------+-------+----------+--------------+


+-----------------------------------------------+
; Port Connectivity Checks: "singleTEA:tea7"    ;
+-------------+-------+----------+--------------+
; Port        ; Type  ; Severity ; Details      ;
+-------------+-------+----------+--------------+
; sum[24..23] ; Input ; Info     ; Stuck at VCC ;
; sum[27..26] ; Input ; Info     ; Stuck at GND ;
; sum[20..19] ; Input ; Info     ; Stuck at GND ;
; sum[16..15] ; Input ; Info     ; Stuck at GND ;
; sum[9..8]   ; Input ; Info     ; Stuck at GND ;
; sum[5..4]   ; Input ; Info     ; Stuck at GND ;
; sum[31]     ; Input ; Info     ; Stuck at GND ;
; sum[29]     ; Input ; Info     ; Stuck at GND ;
; sum[28]     ; Input ; Info     ; Stuck at VCC ;
; sum[22]     ; Input ; Info     ; Stuck at GND ;
; sum[14]     ; Input ; Info     ; Stuck at VCC ;
; sum[13]     ; Input ; Info     ; Stuck at GND ;
; sum[12]     ; Input ; Info     ; Stuck at VCC ;
; sum[10]     ; Input ; Info     ; Stuck at VCC ;
; sum[3]      ; Input ; Info     ; Stuck at VCC ;
; sum[1]      ; Input ; Info     ; Stuck at VCC ;
+-------------+-------+----------+--------------+


+-----------------------------------------------+
; Port Connectivity Checks: "singleTEA:tea6"    ;
+-------------+-------+----------+--------------+
; Port        ; Type  ; Severity ; Details      ;
+-------------+-------+----------+--------------+
; sum[15..14] ; Input ; Info     ; Stuck at VCC ;
; sum[31]     ; Input ; Info     ; Stuck at VCC ;
; sum[30]     ; Input ; Info     ; Stuck at GND ;
; sum[29]     ; Input ; Info     ; Stuck at VCC ;
; sum[26]     ; Input ; Info     ; Stuck at VCC ;
; sum[24]     ; Input ; Info     ; Stuck at VCC ;
; sum[22]     ; Input ; Info     ; Stuck at VCC ;
; sum[21]     ; Input ; Info     ; Stuck at GND ;
; sum[19]     ; Input ; Info     ; Stuck at VCC ;
; sum[17]     ; Input ; Info     ; Stuck at GND ;
; sum[13]     ; Input ; Info     ; Stuck at GND ;
; sum[12]     ; Input ; Info     ; Stuck at VCC ;
; sum[9]      ; Input ; Info     ; Stuck at VCC ;
; sum[8]      ; Input ; Info     ; Stuck at GND ;
; sum[5]      ; Input ; Info     ; Stuck at GND ;
; sum[3]      ; Input ; Info     ; Stuck at GND ;
; sum[1]      ; Input ; Info     ; Stuck at VCC ;
+-------------+-------+----------+--------------+


+-----------------------------------------------+
; Port Connectivity Checks: "singleTEA:tea5"    ;
+-------------+-------+----------+--------------+
; Port        ; Type  ; Severity ; Details      ;
+-------------+-------+----------+--------------+
; sum[26..25] ; Input ; Info     ; Stuck at VCC ;
; sum[4..2]   ; Input ; Info     ; Stuck at VCC ;
; sum[23..21] ; Input ; Info     ; Stuck at GND ;
; sum[11..8]  ; Input ; Info     ; Stuck at GND ;
; sum[31]     ; Input ; Info     ; Stuck at GND ;
; sum[29]     ; Input ; Info     ; Stuck at GND ;
; sum[20]     ; Input ; Info     ; Stuck at VCC ;
; sum[19]     ; Input ; Info     ; Stuck at GND ;
; sum[17]     ; Input ; Info     ; Stuck at GND ;
; sum[16]     ; Input ; Info     ; Stuck at VCC ;
; sum[15]     ; Input ; Info     ; Stuck at GND ;
; sum[14]     ; Input ; Info     ; Stuck at VCC ;
; sum[6]      ; Input ; Info     ; Stuck at GND ;
; sum[1]      ; Input ; Info     ; Stuck at GND ;
+-------------+-------+----------+--------------+


+-----------------------------------------------+
; Port Connectivity Checks: "singleTEA:tea4"    ;
+-------------+-------+----------+--------------+
; Port        ; Type  ; Severity ; Details      ;
+-------------+-------+----------+--------------+
; sum[30..29] ; Input ; Info     ; Stuck at VCC ;
; sum[15..14] ; Input ; Info     ; Stuck at VCC ;
; sum[7..5]   ; Input ; Info     ; Stuck at VCC ;
; sum[25..24] ; Input ; Info     ; Stuck at GND ;
; sum[27]     ; Input ; Info     ; Stuck at VCC ;
; sum[22]     ; Input ; Info     ; Stuck at VCC ;
; sum[21]     ; Input ; Info     ; Stuck at GND ;
; sum[19]     ; Input ; Info     ; Stuck at VCC ;
; sum[17]     ; Input ; Info     ; Stuck at GND ;
; sum[12]     ; Input ; Info     ; Stuck at GND ;
; sum[3]      ; Input ; Info     ; Stuck at GND ;
; sum[2]      ; Input ; Info     ; Stuck at VCC ;
; sum[1]      ; Input ; Info     ; Stuck at GND ;
+-------------+-------+----------+--------------+


+-----------------------------------------------+
; Port Connectivity Checks: "singleTEA:tea3"    ;
+-------------+-------+----------+--------------+
; Port        ; Type  ; Severity ; Details      ;
+-------------+-------+----------+--------------+
; sum[20..19] ; Input ; Info     ; Stuck at GND ;
; sum[16..15] ; Input ; Info     ; Stuck at GND ;
; sum[31]     ; Input ; Info     ; Stuck at VCC ;
; sum[29]     ; Input ; Info     ; Stuck at GND ;
; sum[27]     ; Input ; Info     ; Stuck at VCC ;
; sum[26]     ; Input ; Info     ; Stuck at GND ;
; sum[25]     ; Input ; Info     ; Stuck at VCC ;
; sum[24]     ; Input ; Info     ; Stuck at GND ;
; sum[23]     ; Input ; Info     ; Stuck at VCC ;
; sum[22]     ; Input ; Info     ; Stuck at GND ;
; sum[14]     ; Input ; Info     ; Stuck at VCC ;
; sum[12]     ; Input ; Info     ; Stuck at GND ;
; sum[8]      ; Input ; Info     ; Stuck at VCC ;
; sum[6]      ; Input ; Info     ; Stuck at GND ;
; sum[5]      ; Input ; Info     ; Stuck at VCC ;
; sum[4]      ; Input ; Info     ; Stuck at GND ;
; sum[3]      ; Input ; Info     ; Stuck at VCC ;
; sum[1]      ; Input ; Info     ; Stuck at VCC ;
+-------------+-------+----------+--------------+


+-----------------------------------------------+
; Port Connectivity Checks: "singleTEA:tea2"    ;
+-------------+-------+----------+--------------+
; Port        ; Type  ; Severity ; Details      ;
+-------------+-------+----------+--------------+
; sum[18..17] ; Input ; Info     ; Stuck at VCC ;
; sum[13..12] ; Input ; Info     ; Stuck at VCC ;
; sum[6..5]   ; Input ; Info     ; Stuck at VCC ;
; sum[31..30] ; Input ; Info     ; Stuck at GND ;
; sum[25..24] ; Input ; Info     ; Stuck at GND ;
; sum[29]     ; Input ; Info     ; Stuck at VCC ;
; sum[27]     ; Input ; Info     ; Stuck at VCC ;
; sum[21]     ; Input ; Info     ; Stuck at VCC ;
; sum[15]     ; Input ; Info     ; Stuck at VCC ;
; sum[8]      ; Input ; Info     ; Stuck at VCC ;
; sum[7]      ; Input ; Info     ; Stuck at GND ;
; sum[3]      ; Input ; Info     ; Stuck at GND ;
; sum[1]      ; Input ; Info     ; Stuck at VCC ;
+-------------+-------+----------+--------------+


+-----------------------------------------------+
; Port Connectivity Checks: "singleTEA:tea1"    ;
+-------------+-------+----------+--------------+
; Port        ; Type  ; Severity ; Details      ;
+-------------+-------+----------+--------------+
; sum[26..25] ; Input ; Info     ; Stuck at VCC ;
; sum[18..16] ; Input ; Info     ; Stuck at VCC ;
; sum[13..12] ; Input ; Info     ; Stuck at VCC ;
; sum[2..1]   ; Input ; Info     ; Stuck at GND ;
; sum[31]     ; Input ; Info     ; Stuck at VCC ;
; sum[29]     ; Input ; Info     ; Stuck at GND ;
; sum[24]     ; Input ; Info     ; Stuck at GND ;
; sum[21]     ; Input ; Info     ; Stuck at VCC ;
; sum[15]     ; Input ; Info     ; Stuck at GND ;
; sum[8]      ; Input ; Info     ; Stuck at VCC ;
; sum[6]      ; Input ; Info     ; Stuck at GND ;
; sum[5]      ; Input ; Info     ; Stuck at VCC ;
+-------------+-------+----------+--------------+


+-----------------------------------------------------+
; Post-Synthesis Netlist Statistics for Top Partition ;
+-----------------------+-----------------------------+
; Type                  ; Count                       ;
+-----------------------+-----------------------------+
; boundary_port         ; 260                         ;
; cycloneiii_lcell_comb ; 24708                       ;
;     arith             ; 4148                        ;
;         2 data inputs ; 1316                        ;
;         3 data inputs ; 2832                        ;
;     normal            ; 20560                       ;
;         1 data inputs ; 56                          ;
;         2 data inputs ; 721                         ;
;         3 data inputs ; 5589                        ;
;         4 data inputs ; 14194                       ;
;                       ;                             ;
; Max LUT depth         ; 587.60                      ;
; Average LUT depth     ; 584.01                      ;
+-----------------------+-----------------------------+


+-------------------------------+
; Elapsed Time Per Partition    ;
+----------------+--------------+
; Partition Name ; Elapsed Time ;
+----------------+--------------+
; Top            ; 00:03:30     ;
+----------------+--------------+


+-------------------------------+
; Analysis & Synthesis Messages ;
+-------------------------------+
Info: *******************************************************************
Info: Running Quartus Prime Analysis & Synthesis
    Info: Version 19.1.0 Build 670 09/22/2019 SJ Lite Edition
    Info: Processing started: Tue May  5 22:56:06 2020
Info: Command: quartus_map --read_settings_files=on --write_settings_files=off modulik -c modulik
Warning (18236): Number of processors has not been specified which may cause overloading on shared machines.  Set the global assignment NUM_PARALLEL_PROCESSORS in your QSF to an appropriate value for best performance.
Info (20030): Parallel compilation is enabled and will use 2 of the 2 processors detected
Info (12021): Found 1 design units, including 1 entities, in source file functionF.v
    Info (12023): Found entity 1: functionF File: /home/santa/Documents/pw/2020L/sycy/testin/acceltry/functionF.v Line: 1
Info (12021): Found 1 design units, including 1 entities, in source file singleTEA.v
    Info (12023): Found entity 1: singleTEA File: /home/santa/Documents/pw/2020L/sycy/testin/acceltry/singleTEA.v Line: 1
Info (12021): Found 1 design units, including 1 entities, in source file modulik.v
    Info (12023): Found entity 1: modulik File: /home/santa/Documents/pw/2020L/sycy/testin/acceltry/modulik.v Line: 1
Info (12127): Elaborating entity "modulik" for the top level hierarchy
Info (12128): Elaborating entity "singleTEA" for hierarchy "singleTEA:tea1" File: /home/santa/Documents/pw/2020L/sycy/testin/acceltry/modulik.v Line: 38
Warning (10036): Verilog HDL or VHDL warning at singleTEA.v(14): object "black" assigned a value but never read File: /home/santa/Documents/pw/2020L/sycy/testin/acceltry/singleTEA.v Line: 14
Info (12128): Elaborating entity "functionF" for hierarchy "singleTEA:tea1|functionF:f1" File: /home/santa/Documents/pw/2020L/sycy/testin/acceltry/singleTEA.v Line: 29
Info (286030): Timing-Driven Synthesis is running
Info (16010): Generating hard_block partition "hard_block:auto_generated_inst"
    Info (16011): Adding 0 node(s), including 0 DDIO, 0 PLL, 0 transceiver and 0 LCELL
Warning (21074): Design contains 3 input pin(s) that do not drive logic
    Warning (15610): No output dependent on input pin "clk" File: /home/santa/Documents/pw/2020L/sycy/testin/acceltry/modulik.v Line: 2
    Warning (15610): No output dependent on input pin "ena" File: /home/santa/Documents/pw/2020L/sycy/testin/acceltry/modulik.v Line: 2
    Warning (15610): No output dependent on input pin "rst" File: /home/santa/Documents/pw/2020L/sycy/testin/acceltry/modulik.v Line: 2
Info (21057): Implemented 24968 device resources after synthesis - the final resource count might be different
    Info (21058): Implemented 196 input pins
    Info (21059): Implemented 64 output pins
    Info (21061): Implemented 24708 logic cells
Info (144001): Generated suppressed messages file /home/santa/Documents/pw/2020L/sycy/testin/acceltry/output_files/modulik.map.smsg
Info: Quartus Prime Analysis & Synthesis was successful. 0 errors, 6 warnings
    Info: Peak virtual memory: 1023 megabytes
    Info: Processing ended: Tue May  5 22:59:50 2020
    Info: Elapsed time: 00:03:44
    Info: Total CPU time (on all processors): 00:03:58


+------------------------------------------+
; Analysis & Synthesis Suppressed Messages ;
+------------------------------------------+
The suppressed messages can be found in /home/santa/Documents/pw/2020L/sycy/testin/acceltry/output_files/modulik.map.smsg.


